------------------------------------------------------------
Timing Analyzer Summary
------------------------------------------------------------

Type  : Slow 1200mV 85C Model Setup 'ip_inst|altpll_component|auto_generated|pll1|clk[1]'
Slack : 494.865
TNS   : 0.000

Type  : Slow 1200mV 85C Model Hold 'ip_inst|altpll_component|auto_generated|pll1|clk[1]'
Slack : 0.424
TNS   : 0.000

Type  : Slow 1200mV 85C Model Minimum Pulse Width 'MAX10_CLK1_50'
Slack : 9.822
TNS   : 0.000

Type  : Slow 1200mV 85C Model Minimum Pulse Width 'MAX10_CLK2_50'
Slack : 16.000
TNS   : 0.000

Type  : Slow 1200mV 85C Model Minimum Pulse Width 'ADC_CLK_10'
Slack : 96.000
TNS   : 0.000

Type  : Slow 1200mV 85C Model Minimum Pulse Width 'ip_inst|altpll_component|auto_generated|pll1|clk[1]'
Slack : 249.741
TNS   : 0.000

Type  : Slow 1200mV 0C Model Setup 'ip_inst|altpll_component|auto_generated|pll1|clk[1]'
Slack : 495.187
TNS   : 0.000

Type  : Slow 1200mV 0C Model Hold 'ip_inst|altpll_component|auto_generated|pll1|clk[1]'
Slack : 0.343
TNS   : 0.000

Type  : Slow 1200mV 0C Model Minimum Pulse Width 'MAX10_CLK1_50'
Slack : 9.831
TNS   : 0.000

Type  : Slow 1200mV 0C Model Minimum Pulse Width 'MAX10_CLK2_50'
Slack : 16.000
TNS   : 0.000

Type  : Slow 1200mV 0C Model Minimum Pulse Width 'ADC_CLK_10'
Slack : 96.000
TNS   : 0.000

Type  : Slow 1200mV 0C Model Minimum Pulse Width 'ip_inst|altpll_component|auto_generated|pll1|clk[1]'
Slack : 249.722
TNS   : 0.000

Type  : Fast 1200mV 0C Model Setup 'ip_inst|altpll_component|auto_generated|pll1|clk[1]'
Slack : 497.645
TNS   : 0.000

Type  : Fast 1200mV 0C Model Hold 'ip_inst|altpll_component|auto_generated|pll1|clk[1]'
Slack : 0.210
TNS   : 0.000

Type  : Fast 1200mV 0C Model Minimum Pulse Width 'MAX10_CLK1_50'
Slack : 9.530
TNS   : 0.000

Type  : Fast 1200mV 0C Model Minimum Pulse Width 'MAX10_CLK2_50'
Slack : 16.000
TNS   : 0.000

Type  : Fast 1200mV 0C Model Minimum Pulse Width 'ADC_CLK_10'
Slack : 96.000
TNS   : 0.000

Type  : Fast 1200mV 0C Model Minimum Pulse Width 'ip_inst|altpll_component|auto_generated|pll1|clk[1]'
Slack : 249.803
TNS   : 0.000

------------------------------------------------------------
