------------------------------------------------------------
Timing Analyzer Summary
------------------------------------------------------------

Type  : Slow 1200mV 85C Model Setup 'LogisimClockComponent:BASE_2|s_outputRegs[0]'
Slack : -13.950
TNS   : -2991.841

Type  : Slow 1200mV 85C Model Setup 'fpgaGlobalClock'
Slack : -13.226
TNS   : -2770.062

Type  : Slow 1200mV 85C Model Setup 'LogisimClockComponent:BASE_1|s_outputRegs[0]'
Slack : -3.901
TNS   : -661.701

Type  : Slow 1200mV 85C Model Hold 'LogisimClockComponent:BASE_1|s_outputRegs[0]'
Slack : 0.340
TNS   : 0.000

Type  : Slow 1200mV 85C Model Hold 'fpgaGlobalClock'
Slack : 0.341
TNS   : 0.000

Type  : Slow 1200mV 85C Model Hold 'LogisimClockComponent:BASE_2|s_outputRegs[0]'
Slack : 1.175
TNS   : 0.000

Type  : Slow 1200mV 85C Model Recovery 'LogisimClockComponent:BASE_1|s_outputRegs[0]'
Slack : -0.677
TNS   : -8.801

Type  : Slow 1200mV 85C Model Removal 'LogisimClockComponent:BASE_1|s_outputRegs[0]'
Slack : 1.250
TNS   : 0.000

Type  : Slow 1200mV 85C Model Minimum Pulse Width 'fpgaGlobalClock'
Slack : -3.000
TNS   : -383.213

Type  : Slow 1200mV 85C Model Minimum Pulse Width 'LogisimClockComponent:BASE_1|s_outputRegs[0]'
Slack : -1.403
TNS   : -353.556

Type  : Slow 1200mV 85C Model Minimum Pulse Width 'LogisimClockComponent:BASE_2|s_outputRegs[0]'
Slack : -1.403
TNS   : -336.720

Type  : Slow 1200mV 0C Model Setup 'LogisimClockComponent:BASE_2|s_outputRegs[0]'
Slack : -12.753
TNS   : -2738.211

Type  : Slow 1200mV 0C Model Setup 'fpgaGlobalClock'
Slack : -11.999
TNS   : -2510.210

Type  : Slow 1200mV 0C Model Setup 'LogisimClockComponent:BASE_1|s_outputRegs[0]'
Slack : -3.519
TNS   : -590.677

Type  : Slow 1200mV 0C Model Hold 'LogisimClockComponent:BASE_1|s_outputRegs[0]'
Slack : 0.305
TNS   : 0.000

Type  : Slow 1200mV 0C Model Hold 'fpgaGlobalClock'
Slack : 0.306
TNS   : 0.000

Type  : Slow 1200mV 0C Model Hold 'LogisimClockComponent:BASE_2|s_outputRegs[0]'
Slack : 1.173
TNS   : 0.000

Type  : Slow 1200mV 0C Model Recovery 'LogisimClockComponent:BASE_1|s_outputRegs[0]'
Slack : -0.533
TNS   : -6.929

Type  : Slow 1200mV 0C Model Removal 'LogisimClockComponent:BASE_1|s_outputRegs[0]'
Slack : 1.146
TNS   : 0.000

Type  : Slow 1200mV 0C Model Minimum Pulse Width 'fpgaGlobalClock'
Slack : -3.000
TNS   : -383.213

Type  : Slow 1200mV 0C Model Minimum Pulse Width 'LogisimClockComponent:BASE_1|s_outputRegs[0]'
Slack : -1.403
TNS   : -353.556

Type  : Slow 1200mV 0C Model Minimum Pulse Width 'LogisimClockComponent:BASE_2|s_outputRegs[0]'
Slack : -1.403
TNS   : -336.720

Type  : Fast 1200mV 0C Model Setup 'LogisimClockComponent:BASE_2|s_outputRegs[0]'
Slack : -5.308
TNS   : -1147.257

Type  : Fast 1200mV 0C Model Setup 'fpgaGlobalClock'
Slack : -4.732
TNS   : -980.764

Type  : Fast 1200mV 0C Model Setup 'LogisimClockComponent:BASE_1|s_outputRegs[0]'
Slack : -1.115
TNS   : -154.168

Type  : Fast 1200mV 0C Model Hold 'LogisimClockComponent:BASE_1|s_outputRegs[0]'
Slack : 0.147
TNS   : 0.000

Type  : Fast 1200mV 0C Model Hold 'fpgaGlobalClock'
Slack : 0.149
TNS   : 0.000

Type  : Fast 1200mV 0C Model Hold 'LogisimClockComponent:BASE_2|s_outputRegs[0]'
Slack : 0.683
TNS   : 0.000

Type  : Fast 1200mV 0C Model Recovery 'LogisimClockComponent:BASE_1|s_outputRegs[0]'
Slack : 0.255
TNS   : 0.000

Type  : Fast 1200mV 0C Model Removal 'LogisimClockComponent:BASE_1|s_outputRegs[0]'
Slack : 0.542
TNS   : 0.000

Type  : Fast 1200mV 0C Model Minimum Pulse Width 'fpgaGlobalClock'
Slack : -3.000
TNS   : -283.900

Type  : Fast 1200mV 0C Model Minimum Pulse Width 'LogisimClockComponent:BASE_1|s_outputRegs[0]'
Slack : -1.000
TNS   : -252.000

Type  : Fast 1200mV 0C Model Minimum Pulse Width 'LogisimClockComponent:BASE_2|s_outputRegs[0]'
Slack : -1.000
TNS   : -240.000

------------------------------------------------------------
