------------------------------------------------------------
Timing Analyzer Summary
------------------------------------------------------------

Type  : Slow 1200mV 85C Model Setup 'fpgaGlobalClock'
Slack : -4.297
TNS   : -31.276

Type  : Slow 1200mV 85C Model Hold 'fpgaGlobalClock'
Slack : 0.348
TNS   : 0.000

Type  : Slow 1200mV 85C Model Minimum Pulse Width 'fpgaGlobalClock'
Slack : -3.000
TNS   : -25.448

Type  : Slow 1200mV 0C Model Setup 'fpgaGlobalClock'
Slack : -3.796
TNS   : -27.294

Type  : Slow 1200mV 0C Model Hold 'fpgaGlobalClock'
Slack : 0.312
TNS   : 0.000

Type  : Slow 1200mV 0C Model Minimum Pulse Width 'fpgaGlobalClock'
Slack : -3.000
TNS   : -25.448

Type  : Fast 1200mV 0C Model Setup 'fpgaGlobalClock'
Slack : -1.160
TNS   : -7.675

Type  : Fast 1200mV 0C Model Hold 'fpgaGlobalClock'
Slack : 0.153
TNS   : 0.000

Type  : Fast 1200mV 0C Model Minimum Pulse Width 'fpgaGlobalClock'
Slack : -3.000
TNS   : -19.518

------------------------------------------------------------
