------------------------------------------------------------
Timing Analyzer Summary
------------------------------------------------------------

Type  : Slow 1200mV 85C Model Setup 'LogisimClockComponent:BASE_1|s_outputRegs[0]'
Slack : -4.068
TNS   : -635.440

Type  : Slow 1200mV 85C Model Setup 'fpgaGlobalClock'
Slack : 0.028
TNS   : 0.000

Type  : Slow 1200mV 85C Model Hold 'LogisimClockComponent:BASE_1|s_outputRegs[0]'
Slack : 0.330
TNS   : 0.000

Type  : Slow 1200mV 85C Model Hold 'fpgaGlobalClock'
Slack : 0.347
TNS   : 0.000

Type  : Slow 1200mV 85C Model Recovery 'LogisimClockComponent:BASE_1|s_outputRegs[0]'
Slack : -0.668
TNS   : -8.684

Type  : Slow 1200mV 85C Model Removal 'LogisimClockComponent:BASE_1|s_outputRegs[0]'
Slack : 1.254
TNS   : 0.000

Type  : Slow 1200mV 85C Model Minimum Pulse Width 'fpgaGlobalClock'
Slack : -3.000
TNS   : -11.418

Type  : Slow 1200mV 85C Model Minimum Pulse Width 'LogisimClockComponent:BASE_1|s_outputRegs[0]'
Slack : -1.403
TNS   : -331.108

Type  : Slow 1200mV 0C Model Setup 'LogisimClockComponent:BASE_1|s_outputRegs[0]'
Slack : -3.615
TNS   : -568.215

Type  : Slow 1200mV 0C Model Setup 'fpgaGlobalClock'
Slack : 0.106
TNS   : 0.000

Type  : Slow 1200mV 0C Model Hold 'LogisimClockComponent:BASE_1|s_outputRegs[0]'
Slack : 0.295
TNS   : 0.000

Type  : Slow 1200mV 0C Model Hold 'fpgaGlobalClock'
Slack : 0.312
TNS   : 0.000

Type  : Slow 1200mV 0C Model Recovery 'LogisimClockComponent:BASE_1|s_outputRegs[0]'
Slack : -0.523
TNS   : -6.799

Type  : Slow 1200mV 0C Model Removal 'LogisimClockComponent:BASE_1|s_outputRegs[0]'
Slack : 1.150
TNS   : 0.000

Type  : Slow 1200mV 0C Model Minimum Pulse Width 'fpgaGlobalClock'
Slack : -3.000
TNS   : -11.418

Type  : Slow 1200mV 0C Model Minimum Pulse Width 'LogisimClockComponent:BASE_1|s_outputRegs[0]'
Slack : -1.403
TNS   : -331.108

Type  : Fast 1200mV 0C Model Setup 'LogisimClockComponent:BASE_1|s_outputRegs[0]'
Slack : -1.085
TNS   : -142.027

Type  : Fast 1200mV 0C Model Setup 'fpgaGlobalClock'
Slack : 0.601
TNS   : 0.000

Type  : Fast 1200mV 0C Model Hold 'LogisimClockComponent:BASE_1|s_outputRegs[0]'
Slack : 0.144
TNS   : 0.000

Type  : Fast 1200mV 0C Model Hold 'fpgaGlobalClock'
Slack : 0.152
TNS   : 0.000

Type  : Fast 1200mV 0C Model Recovery 'LogisimClockComponent:BASE_1|s_outputRegs[0]'
Slack : 0.261
TNS   : 0.000

Type  : Fast 1200mV 0C Model Removal 'LogisimClockComponent:BASE_1|s_outputRegs[0]'
Slack : 0.543
TNS   : 0.000

Type  : Fast 1200mV 0C Model Minimum Pulse Width 'fpgaGlobalClock'
Slack : -3.000
TNS   : -9.198

Type  : Fast 1200mV 0C Model Minimum Pulse Width 'LogisimClockComponent:BASE_1|s_outputRegs[0]'
Slack : -1.000
TNS   : -236.000

------------------------------------------------------------
