------------------------------------------------------------
Timing Analyzer Summary
------------------------------------------------------------

Type  : Slow 1200mV 85C Model Setup 'fpgaGlobalClock'
Slack : -12.643
TNS   : -344.287

Type  : Slow 1200mV 85C Model Setup 'LogisimClockComponent:BASE_1|s_outputRegs[0]'
Slack : -3.525
TNS   : -606.959

Type  : Slow 1200mV 85C Model Setup 'LogisimClockComponent:BASE_2|s_outputRegs[0]'
Slack : -1.873
TNS   : -78.757

Type  : Slow 1200mV 85C Model Hold 'LogisimClockComponent:BASE_1|s_outputRegs[0]'
Slack : 0.331
TNS   : 0.000

Type  : Slow 1200mV 85C Model Hold 'fpgaGlobalClock'
Slack : 0.347
TNS   : 0.000

Type  : Slow 1200mV 85C Model Hold 'LogisimClockComponent:BASE_2|s_outputRegs[0]'
Slack : 1.447
TNS   : 0.000

Type  : Slow 1200mV 85C Model Recovery 'LogisimClockComponent:BASE_1|s_outputRegs[0]'
Slack : -0.601
TNS   : -7.813

Type  : Slow 1200mV 85C Model Removal 'LogisimClockComponent:BASE_1|s_outputRegs[0]'
Slack : 1.149
TNS   : 0.000

Type  : Slow 1200mV 85C Model Minimum Pulse Width 'fpgaGlobalClock'
Slack : -3.000
TNS   : -181.181

Type  : Slow 1200mV 85C Model Minimum Pulse Width 'LogisimClockComponent:BASE_1|s_outputRegs[0]'
Slack : -1.403
TNS   : -353.556

Type  : Slow 1200mV 85C Model Minimum Pulse Width 'LogisimClockComponent:BASE_2|s_outputRegs[0]'
Slack : -1.403
TNS   : -89.792

Type  : Slow 1200mV 0C Model Setup 'fpgaGlobalClock'
Slack : -11.430
TNS   : -306.337

Type  : Slow 1200mV 0C Model Setup 'LogisimClockComponent:BASE_1|s_outputRegs[0]'
Slack : -3.122
TNS   : -537.544

Type  : Slow 1200mV 0C Model Setup 'LogisimClockComponent:BASE_2|s_outputRegs[0]'
Slack : -1.737
TNS   : -71.928

Type  : Slow 1200mV 0C Model Hold 'LogisimClockComponent:BASE_1|s_outputRegs[0]'
Slack : 0.296
TNS   : 0.000

Type  : Slow 1200mV 0C Model Hold 'fpgaGlobalClock'
Slack : 0.311
TNS   : 0.000

Type  : Slow 1200mV 0C Model Hold 'LogisimClockComponent:BASE_2|s_outputRegs[0]'
Slack : 1.407
TNS   : 0.000

Type  : Slow 1200mV 0C Model Recovery 'LogisimClockComponent:BASE_1|s_outputRegs[0]'
Slack : -0.459
TNS   : -5.967

Type  : Slow 1200mV 0C Model Removal 'LogisimClockComponent:BASE_1|s_outputRegs[0]'
Slack : 1.044
TNS   : 0.000

Type  : Slow 1200mV 0C Model Minimum Pulse Width 'fpgaGlobalClock'
Slack : -3.000
TNS   : -181.181

Type  : Slow 1200mV 0C Model Minimum Pulse Width 'LogisimClockComponent:BASE_1|s_outputRegs[0]'
Slack : -1.403
TNS   : -353.556

Type  : Slow 1200mV 0C Model Minimum Pulse Width 'LogisimClockComponent:BASE_2|s_outputRegs[0]'
Slack : -1.403
TNS   : -89.792

Type  : Fast 1200mV 0C Model Setup 'fpgaGlobalClock'
Slack : -4.492
TNS   : -82.553

Type  : Fast 1200mV 0C Model Setup 'LogisimClockComponent:BASE_1|s_outputRegs[0]'
Slack : -0.893
TNS   : -125.667

Type  : Fast 1200mV 0C Model Setup 'LogisimClockComponent:BASE_2|s_outputRegs[0]'
Slack : -0.562
TNS   : -16.306

Type  : Fast 1200mV 0C Model Hold 'LogisimClockComponent:BASE_1|s_outputRegs[0]'
Slack : 0.145
TNS   : 0.000

Type  : Fast 1200mV 0C Model Hold 'fpgaGlobalClock'
Slack : 0.152
TNS   : 0.000

Type  : Fast 1200mV 0C Model Hold 'LogisimClockComponent:BASE_2|s_outputRegs[0]'
Slack : 0.839
TNS   : 0.000

Type  : Fast 1200mV 0C Model Recovery 'LogisimClockComponent:BASE_1|s_outputRegs[0]'
Slack : 0.276
TNS   : 0.000

Type  : Fast 1200mV 0C Model Removal 'LogisimClockComponent:BASE_1|s_outputRegs[0]'
Slack : 0.514
TNS   : 0.000

Type  : Fast 1200mV 0C Model Minimum Pulse Width 'fpgaGlobalClock'
Slack : -3.000
TNS   : -134.229

Type  : Fast 1200mV 0C Model Minimum Pulse Width 'LogisimClockComponent:BASE_1|s_outputRegs[0]'
Slack : -1.000
TNS   : -252.000

Type  : Fast 1200mV 0C Model Minimum Pulse Width 'LogisimClockComponent:BASE_2|s_outputRegs[0]'
Slack : -1.000
TNS   : -64.000

------------------------------------------------------------
