------------------------------------------------------------
Timing Analyzer Summary
------------------------------------------------------------

Type  : Slow 1200mV 85C Model Setup 'fpgaGlobalClock'
Slack : -21.665
TNS   : -2435.131

Type  : Slow 1200mV 85C Model Setup 'LogisimClockComponent:BASE_3|s_outputRegs[0]'
Slack : -15.041
TNS   : -2172.346

Type  : Slow 1200mV 85C Model Setup 'LogisimClockComponent:BASE_1|s_outputRegs[0]'
Slack : -4.072
TNS   : -684.174

Type  : Slow 1200mV 85C Model Setup 'n_button_0'
Slack : 0.134
TNS   : 0.000

Type  : Slow 1200mV 85C Model Hold 'LogisimClockComponent:BASE_1|s_outputRegs[0]'
Slack : 0.322
TNS   : 0.000

Type  : Slow 1200mV 85C Model Hold 'fpgaGlobalClock'
Slack : 0.347
TNS   : 0.000

Type  : Slow 1200mV 85C Model Hold 'n_button_0'
Slack : 0.347
TNS   : 0.000

Type  : Slow 1200mV 85C Model Hold 'LogisimClockComponent:BASE_3|s_outputRegs[0]'
Slack : 1.208
TNS   : 0.000

Type  : Slow 1200mV 85C Model Recovery 'LogisimClockComponent:BASE_3|s_outputRegs[0]'
Slack : -4.880
TNS   : -746.735

Type  : Slow 1200mV 85C Model Recovery 'LogisimClockComponent:BASE_1|s_outputRegs[0]'
Slack : -4.441
TNS   : -860.052

Type  : Slow 1200mV 85C Model Recovery 'fpgaGlobalClock'
Slack : -3.690
TNS   : -687.647

Type  : Slow 1200mV 85C Model Removal 'LogisimClockComponent:BASE_1|s_outputRegs[0]'
Slack : 1.137
TNS   : 0.000

Type  : Slow 1200mV 85C Model Removal 'fpgaGlobalClock'
Slack : 2.799
TNS   : 0.000

Type  : Slow 1200mV 85C Model Removal 'LogisimClockComponent:BASE_3|s_outputRegs[0]'
Slack : 4.638
TNS   : 0.000

Type  : Slow 1200mV 85C Model Minimum Pulse Width 'fpgaGlobalClock'
Slack : -3.000
TNS   : -440.736

Type  : Slow 1200mV 85C Model Minimum Pulse Width 'n_button_0'
Slack : -3.000
TNS   : -5.806

Type  : Slow 1200mV 85C Model Minimum Pulse Width 'LogisimClockComponent:BASE_1|s_outputRegs[0]'
Slack : -1.403
TNS   : -329.705

Type  : Slow 1200mV 85C Model Minimum Pulse Width 'LogisimClockComponent:BASE_3|s_outputRegs[0]'
Slack : -1.403
TNS   : -224.480

Type  : Slow 1200mV 0C Model Setup 'fpgaGlobalClock'
Slack : -19.596
TNS   : -2212.944

Type  : Slow 1200mV 0C Model Setup 'LogisimClockComponent:BASE_3|s_outputRegs[0]'
Slack : -13.795
TNS   : -1994.667

Type  : Slow 1200mV 0C Model Setup 'LogisimClockComponent:BASE_1|s_outputRegs[0]'
Slack : -3.732
TNS   : -610.459

Type  : Slow 1200mV 0C Model Setup 'n_button_0'
Slack : 0.206
TNS   : 0.000

Type  : Slow 1200mV 0C Model Hold 'LogisimClockComponent:BASE_1|s_outputRegs[0]'
Slack : 0.288
TNS   : 0.000

Type  : Slow 1200mV 0C Model Hold 'fpgaGlobalClock'
Slack : 0.311
TNS   : 0.000

Type  : Slow 1200mV 0C Model Hold 'n_button_0'
Slack : 0.312
TNS   : 0.000

Type  : Slow 1200mV 0C Model Hold 'LogisimClockComponent:BASE_3|s_outputRegs[0]'
Slack : 1.204
TNS   : 0.000

Type  : Slow 1200mV 0C Model Recovery 'LogisimClockComponent:BASE_3|s_outputRegs[0]'
Slack : -4.458
TNS   : -682.631

Type  : Slow 1200mV 0C Model Recovery 'LogisimClockComponent:BASE_1|s_outputRegs[0]'
Slack : -3.983
TNS   : -770.971

Type  : Slow 1200mV 0C Model Recovery 'fpgaGlobalClock'
Slack : -3.283
TNS   : -610.727

Type  : Slow 1200mV 0C Model Removal 'LogisimClockComponent:BASE_1|s_outputRegs[0]'
Slack : 1.033
TNS   : 0.000

Type  : Slow 1200mV 0C Model Removal 'fpgaGlobalClock'
Slack : 2.552
TNS   : 0.000

Type  : Slow 1200mV 0C Model Removal 'LogisimClockComponent:BASE_3|s_outputRegs[0]'
Slack : 4.317
TNS   : 0.000

Type  : Slow 1200mV 0C Model Minimum Pulse Width 'fpgaGlobalClock'
Slack : -3.000
TNS   : -440.736

Type  : Slow 1200mV 0C Model Minimum Pulse Width 'n_button_0'
Slack : -3.000
TNS   : -5.806

Type  : Slow 1200mV 0C Model Minimum Pulse Width 'LogisimClockComponent:BASE_1|s_outputRegs[0]'
Slack : -1.403
TNS   : -329.705

Type  : Slow 1200mV 0C Model Minimum Pulse Width 'LogisimClockComponent:BASE_3|s_outputRegs[0]'
Slack : -1.403
TNS   : -224.480

Type  : Fast 1200mV 0C Model Setup 'fpgaGlobalClock'
Slack : -8.707
TNS   : -870.023

Type  : Fast 1200mV 0C Model Setup 'LogisimClockComponent:BASE_3|s_outputRegs[0]'
Slack : -5.959
TNS   : -865.884

Type  : Fast 1200mV 0C Model Setup 'LogisimClockComponent:BASE_1|s_outputRegs[0]'
Slack : -1.401
TNS   : -173.025

Type  : Fast 1200mV 0C Model Setup 'n_button_0'
Slack : 0.630
TNS   : 0.000

Type  : Fast 1200mV 0C Model Hold 'fpgaGlobalClock'
Slack : -0.173
TNS   : -0.173

Type  : Fast 1200mV 0C Model Hold 'LogisimClockComponent:BASE_1|s_outputRegs[0]'
Slack : 0.140
TNS   : 0.000

Type  : Fast 1200mV 0C Model Hold 'n_button_0'
Slack : 0.152
TNS   : 0.000

Type  : Fast 1200mV 0C Model Hold 'LogisimClockComponent:BASE_3|s_outputRegs[0]'
Slack : 0.696
TNS   : 0.000

Type  : Fast 1200mV 0C Model Recovery 'LogisimClockComponent:BASE_3|s_outputRegs[0]'
Slack : -2.054
TNS   : -312.629

Type  : Fast 1200mV 0C Model Recovery 'LogisimClockComponent:BASE_1|s_outputRegs[0]'
Slack : -1.644
TNS   : -312.185

Type  : Fast 1200mV 0C Model Recovery 'fpgaGlobalClock'
Slack : -1.287
TNS   : -227.803

Type  : Fast 1200mV 0C Model Removal 'LogisimClockComponent:BASE_1|s_outputRegs[0]'
Slack : 0.507
TNS   : 0.000

Type  : Fast 1200mV 0C Model Removal 'fpgaGlobalClock'
Slack : 1.242
TNS   : 0.000

Type  : Fast 1200mV 0C Model Removal 'LogisimClockComponent:BASE_3|s_outputRegs[0]'
Slack : 2.444
TNS   : 0.000

Type  : Fast 1200mV 0C Model Minimum Pulse Width 'fpgaGlobalClock'
Slack : -3.000
TNS   : -326.018

Type  : Fast 1200mV 0C Model Minimum Pulse Width 'n_button_0'
Slack : -3.000
TNS   : -5.078

Type  : Fast 1200mV 0C Model Minimum Pulse Width 'LogisimClockComponent:BASE_1|s_outputRegs[0]'
Slack : -1.000
TNS   : -235.000

Type  : Fast 1200mV 0C Model Minimum Pulse Width 'LogisimClockComponent:BASE_3|s_outputRegs[0]'
Slack : -1.000
TNS   : -160.000

------------------------------------------------------------
