------------------------------------------------------------
Timing Analyzer Summary
------------------------------------------------------------

Type  : Slow 1200mV 85C Model Setup 'fpgaGlobalClock'
Slack : -2.898
TNS   : -45.761

Type  : Slow 1200mV 85C Model Hold 'fpgaGlobalClock'
Slack : 0.342
TNS   : 0.000

Type  : Slow 1200mV 85C Model Minimum Pulse Width 'fpgaGlobalClock'
Slack : -3.000
TNS   : -42.284

Type  : Slow 1200mV 0C Model Setup 'fpgaGlobalClock'
Slack : -2.623
TNS   : -39.740

Type  : Slow 1200mV 0C Model Hold 'fpgaGlobalClock'
Slack : 0.307
TNS   : 0.000

Type  : Slow 1200mV 0C Model Minimum Pulse Width 'fpgaGlobalClock'
Slack : -3.000
TNS   : -42.284

Type  : Fast 1200mV 0C Model Setup 'fpgaGlobalClock'
Slack : -0.646
TNS   : -5.889

Type  : Fast 1200mV 0C Model Hold 'fpgaGlobalClock'
Slack : 0.150
TNS   : 0.000

Type  : Fast 1200mV 0C Model Minimum Pulse Width 'fpgaGlobalClock'
Slack : -3.000
TNS   : -31.770

------------------------------------------------------------
